C51 COMPILER V9.54   MAIN                                                                  08/18/2023 16:03:43 PAGE 1   


C51 COMPILER V9.54, COMPILATION OF MODULE MAIN
OBJECT MODULE PLACED IN .\Objects\main.obj
COMPILER INVOKED BY: F:\Keli5\C51\BIN\C51.EXE main.c OPTIMIZE(8,SPEED) BROWSE DEBUG OBJECTEXTEND PRINT(.\Listings\main.l
                    -st) TABS(2) OBJECT(.\Objects\main.obj)

line level    source

   1          #include <REGX52.H>
   2          #include "Delay.h"
   3          #include "Key.h"
   4          #include "Nixie.h"
   5          #include "Timer0.h"
   6          //sbit LED=P2^0;   //LED LED=1 灯灭  =0 灯亮 
   7          sbit Motor = P1^0;//电机端口  电机=1；电机转动，=0 电机停止转动
   8          unsigned char Counter,Compare;
   9          
  10          unsigned char KeyNumber,Speed;
  11          void main()
  12          {
  13   1        Timer0_Init();
  14   1        Compare=5;
  15   1          while(1)
  16   1        {
  17   2          KeyNumber=Key();
  18   2          if(KeyNumber==1)
  19   2          {
  20   3           Speed++;
  21   3          if(Speed==4) Speed=0;
  22   3          if(Speed==0)Compare=0;
  23   3          if(Speed==1)Compare=50;
  24   3          if(Speed==2)Compare=75;
  25   3          if(Speed==3)Compare=100;
  26   3          }
  27   2          Nixie(1,Speed);
  28   2         }
  29   1      }
  30          
  31          void Timer0_Routine() interrupt 1
  32          {
  33   1      //每个一百微秒进入一次中断
  34   1        TH0=0xFf;
  35   1        TL0=0x9C;//设置定时初值
  36   1        Counter++;
  37   1        if(Counter>100)
  38   1        {
  39   2         Counter=0;
  40   2        }
  41   1        if(Counter<Compare)
  42   1        {
  43   2          Motor=1;
  44   2        }else{
  45   2          Motor=0;
  46   2        }
  47   1      }


MODULE INFORMATION:   STATIC OVERLAYABLE
   CODE SIZE        =    108    ----
   CONSTANT SIZE    =   ----    ----
   XDATA SIZE       =   ----    ----
   PDATA SIZE       =   ----    ----
C51 COMPILER V9.54   MAIN                                                                  08/18/2023 16:03:43 PAGE 2   

   DATA SIZE        =      4    ----
   IDATA SIZE       =   ----    ----
   BIT SIZE         =   ----    ----
END OF MODULE INFORMATION.


C51 COMPILATION COMPLETE.  0 WARNING(S),  0 ERROR(S)
